// Jest Snapshot v1, https://goo.gl/fbAQLP

exports[`msg funcs works 1`] = `
"export const send = buildTx<MsgSend>({
  msg: MsgSend
});"
`;

exports[`msg funcs works 2`] = `
"export const useSend = buildUseMutation<MsgSend, Error>({
  builderMutationFn: send
});"
`;

exports[`query funcs works 1`] = `
"export const getBalance = buildQuery<QueryBalanceRequest, QueryBalanceResponse>({
  encode: QueryBalanceRequest.encode,
  decode: QueryBalanceResponse.decode,
  service: "cosmos.bank.v1beta1.Query",
  method: "Balance"
});"
`;

exports[`query funcs works 2`] = `
"export const useBalance = buildUseQuery<QueryBalanceRequest, QueryBalanceResponse>({
  builderQueryFn: getBalance,
  queryKeyPrefix: "BalanceQuery"
});"
`;
